@@@NA2 rep=1
wineboot rc=0
CDP HTTP 就绪（等待 46s）
  60s 纯 HTTP：看到 router 标题=1 HTTP失败次数=0 进程存活=1
== app.log 崩溃检测（全程 0 次 WebSocket 连接）==
  ==> 无 attach 仍崩溃 ⇒ 观察者效应**不成立**，wine 渲染层自发不稳定
[Main] 渲染进程崩溃: { reason: 'crashed', exitCode: -2147483645 }
@@@NOATTACH crash=1 saw_router=1 http_fail=0 alive=1
@@@NOATTACH 观测窗口 ≈ 61s
=== 关键 app.log 片段（含 Chromium 时间戳，便于定序） ===
[404:0912/114632.746:ERROR:network_change_notifier_win.cc(267)] WSALookupServiceBegin failed with: 0
DevTools listening on ws://127.0.0.1:9222/devtools/browser/76c44e3b-41aa-4668-ad8b-7b33ccf92bca
[584:0912/114633.319:ERROR:network_change_notifier_win.cc(267)] WSALookupServiceBegin failed with: 0
[Main] 渲染进程崩溃: { reason: 'crashed', exitCode: -2147483645 }
@@@NA2 rep=1 EXIT=0
@@@NA2 rep=2
wineboot rc=0
CDP HTTP 就绪（等待 44s）
  60s 纯 HTTP：看到 router 标题=1 HTTP失败次数=0 进程存活=1
== app.log 崩溃检测（全程 0 次 WebSocket 连接）==
  ==> 无 attach 仍崩溃 ⇒ 观察者效应**不成立**，wine 渲染层自发不稳定
[Main] 渲染进程崩溃: { reason: 'crashed', exitCode: -2147483645 }
@@@NOATTACH crash=1 saw_router=1 http_fail=0 alive=1
@@@NOATTACH 观测窗口 ≈ 62s
=== 关键 app.log 片段（含 Chromium 时间戳，便于定序） ===
[396:0912/114819.721:ERROR:network_change_notifier_win.cc(267)] WSALookupServiceBegin failed with: 0
DevTools listening on ws://127.0.0.1:9222/devtools/browser/bd3c84d9-f6b4-4d97-b736-cb580f490c49
[576:0912/114820.140:ERROR:network_change_notifier_win.cc(267)] WSALookupServiceBegin failed with: 0
[Main] 渲染进程崩溃: { reason: 'crashed', exitCode: -2147483645 }
@@@NA2 rep=2 EXIT=0
@@@NA2 rep=3
wineboot rc=0
CDP HTTP 就绪（等待 44s）
  60s 纯 HTTP：看到 router 标题=1 HTTP失败次数=0 进程存活=1
== app.log 崩溃检测（全程 0 次 WebSocket 连接）==
  ==> 无 attach 仍崩溃 ⇒ 观察者效应**不成立**，wine 渲染层自发不稳定
[Main] 渲染进程崩溃: { reason: 'crashed', exitCode: -2147483645 }
@@@NOATTACH crash=1 saw_router=1 http_fail=0 alive=1
@@@NOATTACH 观测窗口 ≈ 62s
=== 关键 app.log 片段（含 Chromium 时间戳，便于定序） ===
[408:0912/115006.891:ERROR:network_change_notifier_win.cc(267)] WSALookupServiceBegin failed with: 0
DevTools listening on ws://127.0.0.1:9222/devtools/browser/6b896958-8f93-491c-9997-cb9e9adbd3ca
[584:0912/115007.607:ERROR:network_change_notifier_win.cc(267)] WSALookupServiceBegin failed with: 0
[Main] 渲染进程崩溃: { reason: 'crashed', exitCode: -2147483645 }
@@@NA2 rep=3 EXIT=0
