@@@SERIES start 2026-09-12T18:22:45+08:00
@@@REP 1 start 2026-09-12T18:22:45+08:00
== [S0] 安装 xvfb + curl（镜像未自带）==
== [S0] 起虚拟显示 ==
  Xvfb OK (1280x800)
== [S0] wineboot 初始化 prefix（跳过 gecko/mono，最多 240s）==
  wineboot OK
== [W1] wine 启动 Windows 产物 ==
== [W2] 等 CDP 就绪并校验是本品 Electron（最多 180s）==
  CDP OK: Chrome/120.0.6099.227
  W2 绿：UA 含 @security-survey/desktop（本品 Electron 在跑）
  W1 绿：运行时栈为 Windows（wine 里 UA 报 Windows NT）
== [W3/W4/S5] 经 CDP 检查页面目标与运行时（S5 仅参考）==
  DOM 探针超时预算 = 60000ms
  page 目标 2 个: dist/index.html="" | dist/splash.html="安防勘点设计工具"
  探针起点 T0 epoch=1789208612939ms
  W3h(HTTP-only，未挂 WS，窗口 0→+1022ms(epoch 1789208613961)) 观测到的主窗口标题 = ["首页 - 安防勘点设计工具"]
W3h=1
  探针前置失败: CDP ws 已关闭（渲染进程崩溃？）
W3=e
  （探针正常完成，W3=e）
  三段观测（同一进程同一轮）：W3h(attach前)=1  W3(挂WS期间)=e  W3p(detach后)=e
  ⇒ 组合 1/e/e：样本累积中，不作单一归因
== [W4] 应用自建**业务**子目录（main.ts 业务代码在 Windows 上执行的证据）==
  W4 绿：5 个业务子目录全部由应用创建（/root/.wine-sec/drive_c/users/root/AppData/Roaming/@security-survey/desktop）
    存在: projects
    存在: templates
    存在: exports
    存在: Cache（期望 cache，名字大小写不同 ⇒ 被 Chromium 抢先创建）
    存在: logs
== 汇总 ==
----- [applog] wine/应用输出（每行前缀 epoch 毫秒）-----

[412:0912/102331.313:ERROR:network_change_notifier_win.cc(267)] WSALookupServiceBegin failed with: 0
ALSA lib confmisc.c:855:(parse_card) cannot find card '0'
ALSA lib conf.c:5178:(_snd_config_evaluate) function snd_func_card_inum returned error: No such file or directory
ALSA lib confmisc.c:422:(snd_func_concat) error evaluating strings
ALSA lib conf.c:5178:(_snd_config_evaluate) function snd_func_concat returned error: No such file or directory
ALSA lib confmisc.c:1334:(snd_func_refer) error evaluating name
ALSA lib conf.c:5178:(_snd_config_evaluate) function snd_func_refer returned error: No such file or directory
ALSA lib conf.c:5701:(snd_config_expand) Evaluate error: No such file or directory
ALSA lib pcm.c:2664:(snd_pcm_open_noupdate) Unknown PCM default
ALSA lib confmisc.c:855:(parse_card) cannot find card '0'
ALSA lib conf.c:5178:(_snd_config_evaluate) function snd_func_card_inum returned error: No such file or directory
ALSA lib confmisc.c:422:(snd_func_concat) error evaluating strings
ALSA lib conf.c:5178:(_snd_config_evaluate) function snd_func_concat returned error: No such file or directory
ALSA lib confmisc.c:1334:(snd_func_refer) error evaluating name
ALSA lib conf.c:5178:(_snd_config_evaluate) function snd_func_refer returned error: No such file or directory
ALSA lib conf.c:5701:(snd_config_expand) Evaluate error: No such file or directory
ALSA lib pcm.c:2664:(snd_pcm_open_noupdate) Unknown PCM default

DevTools listening on ws://127.0.0.1:9222/devtools/browser/e9bf73bf-fc49-4383-95a9-efcd6ccb64da
Python sidecar not found at: Z:\uw\resources\python\python.exe
ODA File Converter not found at: Z:\uw\resources\oda\ODAFileConverter.exe
[588:0912/102332.064:ERROR:network_change_notifier_win.cc(267)] WSALookupServiceBegin failed with: 0
[Main] 渲染进程崩溃: { reason: [32m'crashed'[39m, exitCode: [33m-2147483645[39m }
[Main] 渲染进程加载超时，强制显示窗口
----- [/applog] -----
  W1 绿 进程以 Windows 栈运行
  W2 绿 Electron 主进程为本品
  W3 不可判：测量层失效（见上面 rc / 探针输出），本项不作为任何结论的依据
  W4 绿 应用创建 5 个业务子目录
  S5 不可判：探针未产出 DOM 数据（见上面 W3 不可判原因）
wine 层验收 PASS（门禁 W1/W2/W4）。这不等于 Windows 实机通过 —— 渲染层、UI 与交互仍需真实 Windows。
@@@REP 1 EXIT=0
@@@REP 2 start 2026-09-12T18:27:33+08:00
== [S0] 安装 xvfb + curl（镜像未自带）==
== [S0] 起虚拟显示 ==
  Xvfb OK (1280x800)
== [S0] wineboot 初始化 prefix（跳过 gecko/mono，最多 240s）==
  wineboot OK
== [W1] wine 启动 Windows 产物 ==
== [W2] 等 CDP 就绪并校验是本品 Electron（最多 180s）==
  CDP OK: Chrome/120.0.6099.227
  W2 绿：UA 含 @security-survey/desktop（本品 Electron 在跑）
  W1 绿：运行时栈为 Windows（wine 里 UA 报 Windows NT）
== [W3/W4/S5] 经 CDP 检查页面目标与运行时（S5 仅参考）==
  DOM 探针超时预算 = 60000ms
  page 目标 2 个: dist/index.html="安防勘点设计工具" | dist/splash.html="安防勘点设计工具"
  探针起点 T0 epoch=1789208895928ms
  W3h(HTTP-only，未挂 WS，窗口 0→+1007ms(epoch 1789208896935)) 观测到的主窗口标题 = ["安防勘点设计工具","首页 - 安防勘点设计工具"]
W3h=1
  探针前置失败: CDP ws 已关闭（渲染进程崩溃？）
W3=e
  （探针正常完成，W3=e）
  三段观测（同一进程同一轮）：W3h(attach前)=1  W3(挂WS期间)=e  W3p(detach后)=e
  ⇒ 组合 1/e/e：样本累积中，不作单一归因
== [W4] 应用自建**业务**子目录（main.ts 业务代码在 Windows 上执行的证据）==
  W4 绿：5 个业务子目录全部由应用创建（/root/.wine-sec/drive_c/users/root/AppData/Roaming/@security-survey/desktop）
    存在: projects
    存在: templates
    存在: exports
    存在: Cache（期望 cache，名字大小写不同 ⇒ 被 Chromium 抢先创建）
    存在: logs
== 汇总 ==
----- [applog] wine/应用输出（每行前缀 epoch 毫秒）-----

[408:0912/102814.398:ERROR:network_change_notifier_win.cc(267)] WSALookupServiceBegin failed with: 0
ALSA lib confmisc.c:855:(parse_card) cannot find card '0'
ALSA lib conf.c:5178:(_snd_config_evaluate) function snd_func_card_inum returned error: No such file or directory
ALSA lib confmisc.c:422:(snd_func_concat) error evaluating strings
ALSA lib conf.c:5178:(_snd_config_evaluate) function snd_func_concat returned error: No such file or directory
ALSA lib confmisc.c:1334:(snd_func_refer) error evaluating name
ALSA lib conf.c:5178:(_snd_config_evaluate) function snd_func_refer returned error: No such file or directory
ALSA lib conf.c:5701:(snd_config_expand) Evaluate error: No such file or directory
ALSA lib pcm.c:2664:(snd_pcm_open_noupdate) Unknown PCM default
ALSA lib confmisc.c:855:(parse_card) cannot find card '0'
ALSA lib conf.c:5178:(_snd_config_evaluate) function snd_func_card_inum returned error: No such file or directory
ALSA lib confmisc.c:422:(snd_func_concat) error evaluating strings
ALSA lib conf.c:5178:(_snd_config_evaluate) function snd_func_concat returned error: No such file or directory
ALSA lib confmisc.c:1334:(snd_func_refer) error evaluating name
ALSA lib conf.c:5178:(_snd_config_evaluate) function snd_func_refer returned error: No such file or directory
ALSA lib conf.c:5701:(snd_config_expand) Evaluate error: No such file or directory
ALSA lib pcm.c:2664:(snd_pcm_open_noupdate) Unknown PCM default

DevTools listening on ws://127.0.0.1:9222/devtools/browser/cd7aa198-ac23-400a-8a43-a5c74bde7e68
Python sidecar not found at: Z:\uw\resources\python\python.exe
ODA File Converter not found at: Z:\uw\resources\oda\ODAFileConverter.exe
[600:0912/102814.815:ERROR:network_change_notifier_win.cc(267)] WSALookupServiceBegin failed with: 0
[Main] 渲染进程崩溃: { reason: [32m'crashed'[39m, exitCode: [33m-2147483645[39m }
[Main] 渲染进程加载超时，强制显示窗口
----- [/applog] -----
  W1 绿 进程以 Windows 栈运行
  W2 绿 Electron 主进程为本品
  W3 不可判：测量层失效（见上面 rc / 探针输出），本项不作为任何结论的依据
  W4 绿 应用创建 5 个业务子目录
  S5 不可判：探针未产出 DOM 数据（见上面 W3 不可判原因）
wine 层验收 PASS（门禁 W1/W2/W4）。这不等于 Windows 实机通过 —— 渲染层、UI 与交互仍需真实 Windows。
@@@REP 2 EXIT=0
@@@REP 3 start 2026-09-12T18:32:15+08:00
== [S0] 安装 xvfb + curl（镜像未自带）==
== [S0] 起虚拟显示 ==
  Xvfb OK (1280x800)
== [S0] wineboot 初始化 prefix（跳过 gecko/mono，最多 240s）==
  wineboot OK
== [W1] wine 启动 Windows 产物 ==
== [W2] 等 CDP 就绪并校验是本品 Electron（最多 180s）==
  CDP OK: Chrome/120.0.6099.227
  W2 绿：UA 含 @security-survey/desktop（本品 Electron 在跑）
  W1 绿：运行时栈为 Windows（wine 里 UA 报 Windows NT）
== [W3/W4/S5] 经 CDP 检查页面目标与运行时（S5 仅参考）==
  DOM 探针超时预算 = 60000ms
  page 目标 2 个: dist/index.html="" | dist/splash.html=""
  探针起点 T0 epoch=1789209184842ms
  W3h(HTTP-only，未挂 WS，窗口 0→+1013ms(epoch 1789209185855)) 观测到的主窗口标题 = ["首页 - 安防勘点设计工具"]
W3h=1
  探针前置失败: CDP ws 已关闭（渲染进程崩溃？）
W3=e
  （探针正常完成，W3=e）
  三段观测（同一进程同一轮）：W3h(attach前)=1  W3(挂WS期间)=e  W3p(detach后)=e
  ⇒ 组合 1/e/e：样本累积中，不作单一归因
== [W4] 应用自建**业务**子目录（main.ts 业务代码在 Windows 上执行的证据）==
  W4 绿：5 个业务子目录全部由应用创建（/root/.wine-sec/drive_c/users/root/AppData/Roaming/@security-survey/desktop）
    存在: projects
    存在: templates
    存在: exports
    存在: Cache（期望 cache，名字大小写不同 ⇒ 被 Chromium 抢先创建）
    存在: logs
== 汇总 ==
----- [applog] wine/应用输出（每行前缀 epoch 毫秒）-----

[408:0912/103303.965:ERROR:network_change_notifier_win.cc(267)] WSALookupServiceBegin failed with: 0
ALSA lib confmisc.c:855:(parse_card) cannot find card '0'
ALSA lib conf.c:5178:(_snd_config_evaluate) function snd_func_card_inum returned error: No such file or directory
ALSA lib confmisc.c:422:(snd_func_concat) error evaluating strings
ALSA lib conf.c:5178:(_snd_config_evaluate) function snd_func_concat returned error: No such file or directory
ALSA lib confmisc.c:1334:(snd_func_refer) error evaluating name
ALSA lib conf.c:5178:(_snd_config_evaluate) function snd_func_refer returned error: No such file or directory
ALSA lib conf.c:5701:(snd_config_expand) Evaluate error: No such file or directory
ALSA lib pcm.c:2664:(snd_pcm_open_noupdate) Unknown PCM default
ALSA lib confmisc.c:855:(parse_card) cannot find card '0'
ALSA lib conf.c:5178:(_snd_config_evaluate) function snd_func_card_inum returned error: No such file or directory
ALSA lib confmisc.c:422:(snd_func_concat) error evaluating strings
ALSA lib conf.c:5178:(_snd_config_evaluate) function snd_func_concat returned error: No such file or directory
ALSA lib confmisc.c:1334:(snd_func_refer) error evaluating name
ALSA lib conf.c:5178:(_snd_config_evaluate) function snd_func_refer returned error: No such file or directory
ALSA lib conf.c:5701:(snd_config_expand) Evaluate error: No such file or directory
ALSA lib pcm.c:2664:(snd_pcm_open_noupdate) Unknown PCM default

DevTools listening on ws://127.0.0.1:9222/devtools/browser/9bac4215-eb90-4178-999d-f1a8121bf47f
Python sidecar not found at: Z:\uw\resources\python\python.exe
ODA File Converter not found at: Z:\uw\resources\oda\ODAFileConverter.exe
[584:0912/103304.428:ERROR:network_change_notifier_win.cc(267)] WSALookupServiceBegin failed with: 0
[Main] 渲染进程崩溃: { reason: [32m'crashed'[39m, exitCode: [33m-2147483645[39m }
[Main] 渲染进程加载超时，强制显示窗口
----- [/applog] -----
  W1 绿 进程以 Windows 栈运行
  W2 绿 Electron 主进程为本品
  W3 不可判：测量层失效（见上面 rc / 探针输出），本项不作为任何结论的依据
  W4 绿 应用创建 5 个业务子目录
  S5 不可判：探针未产出 DOM 数据（见上面 W3 不可判原因）
wine 层验收 PASS（门禁 W1/W2/W4）。这不等于 Windows 实机通过 —— 渲染层、UI 与交互仍需真实 Windows。
@@@REP 3 EXIT=0
@@@SERIES end 2026-09-12T18:37:05+08:00
