@@@SERIES start 2026-09-12T18:42:38+08:00
@@@REP 1 start 2026-09-12T18:42:38+08:00
== [S0] 安装 xvfb + curl（镜像未自带）==
== [S0] 起虚拟显示 ==
  Xvfb OK (1280x800)
== [S0] wineboot 初始化 prefix（跳过 gecko/mono，最多 240s）==
  wineboot OK
== [W1] wine 启动 Windows 产物 ==
== [W2] 等 CDP 就绪并校验是本品 Electron（最多 180s）==
  CDP OK: Chrome/120.0.6099.227
  W2 绿：UA 含 @security-survey/desktop（本品 Electron 在跑）
  W1 绿：运行时栈为 Windows（wine 里 UA 报 Windows NT）
== [W3/W4/S5] 经 CDP 检查页面目标与运行时（S5 仅参考）==
  DOM 探针超时预算 = 60000ms
  page 目标 2 个: dist/index.html="安防勘点设计工具" | dist/splash.html="安防勘点设计工具"
  探针起点 T0 epoch=1789209799005ms
  W3h(HTTP-only，未挂 WS，窗口 0→+1013ms(epoch 1789209800018)) 观测到的主窗口标题 = ["安防勘点设计工具","首页 - 安防勘点设计工具"]
W3h=1
  attach 尝试 1（+1019ms(epoch 1789209800024)）target id: 初始 A8EFBFBB05CA17046F09BD56FD714ABC → 本次 A8EFBFBB05CA17046F09BD56FD714ABC
  attach 尝试 1 失败: CDP ws 已关闭
  attach 尝试 2（+239876ms(epoch 1789210038881)）target id: 初始 A8EFBFBB05CA17046F09BD56FD714ABC → 本次 A8EFBFBB05CA17046F09BD56FD714ABC
  attach 尝试 2 失败: CDP ws 连接出错
  WS 段未完成（CDP ws 连接出错）⇒ W3 不可判；**继续**做 detach 后的 HTTP 复检。
  注意：W3 依赖 WS 传输，wine 下 WS 断开不代表渲染层崩 —— 判渲染层死活请看 W3h/W3p。
W3=e
  W3p(已 detach，HTTP-only，至 +259916ms(epoch 1789210058921)) 主窗口标题 = []；id 现值 (无)（初始 A8EFBFBB05CA17046F09BD56FD714ABC）；中途主窗口 target 一度消失
W3p=0
  S5 不可判：DOM 探针未完成（未挂上 WS（CDP ws 连接出错））—— 与 W3 结论无关
  （探针正常完成，W3=e）
  三段观测（同一进程同一轮）：W3h(attach前)=1  W3(挂WS期间)=e  W3p(detach后)=0
  ⇒ attach 前在、之后不在：标题在两段之间消失。需与 $LOG 里 Chromium
     自带时间戳的行定序（applog 无 epoch 前缀，只能定序不能精确到 ms）再定论
== [W4] 应用自建**业务**子目录（main.ts 业务代码在 Windows 上执行的证据）==
  W4 绿：5 个业务子目录全部由应用创建（/root/.wine-sec/drive_c/users/root/AppData/Roaming/@security-survey/desktop）
    存在: projects
    存在: templates
    存在: exports
    存在: Cache（期望 cache，名字大小写不同 ⇒ 被 Chromium 抢先创建）
    存在: logs
== 汇总 ==
----- [applog] wine/应用输出（每行前缀 epoch 毫秒）-----

[392:0912/104317.643:ERROR:network_change_notifier_win.cc(267)] WSALookupServiceBegin failed with: 0
ALSA lib confmisc.c:855:(parse_card) cannot find card '0'
ALSA lib conf.c:5178:(_snd_config_evaluate) function snd_func_card_inum returned error: No such file or directory
ALSA lib confmisc.c:422:(snd_func_concat) error evaluating strings
ALSA lib conf.c:5178:(_snd_config_evaluate) function snd_func_concat returned error: No such file or directory
ALSA lib confmisc.c:1334:(snd_func_refer) error evaluating name
ALSA lib conf.c:5178:(_snd_config_evaluate) function snd_func_refer returned error: No such file or directory
ALSA lib conf.c:5701:(snd_config_expand) Evaluate error: No such file or directory
ALSA lib pcm.c:2664:(snd_pcm_open_noupdate) Unknown PCM default
ALSA lib confmisc.c:855:(parse_card) cannot find card '0'
ALSA lib conf.c:5178:(_snd_config_evaluate) function snd_func_card_inum returned error: No such file or directory
ALSA lib confmisc.c:422:(snd_func_concat) error evaluating strings
ALSA lib conf.c:5178:(_snd_config_evaluate) function snd_func_concat returned error: No such file or directory
ALSA lib confmisc.c:1334:(snd_func_refer) error evaluating name
ALSA lib conf.c:5178:(_snd_config_evaluate) function snd_func_refer returned error: No such file or directory
ALSA lib conf.c:5701:(snd_config_expand) Evaluate error: No such file or directory
ALSA lib pcm.c:2664:(snd_pcm_open_noupdate) Unknown PCM default

DevTools listening on ws://127.0.0.1:9222/devtools/browser/d6bcd804-fc98-4702-9b60-fc42b10ffd9b
Python sidecar not found at: Z:\uw\resources\python\python.exe
ODA File Converter not found at: Z:\uw\resources\oda\ODAFileConverter.exe
[588:0912/104318.014:ERROR:network_change_notifier_win.cc(267)] WSALookupServiceBegin failed with: 0
[Main] 渲染进程崩溃: { reason: [32m'crashed'[39m, exitCode: [33m-2147483645[39m }
[Main] 渲染进程加载超时，强制显示窗口
----- [/applog] -----
  W1 绿 进程以 Windows 栈运行
  W2 绿 Electron 主进程为本品
  W3 不可判：测量层失效（见上面 rc / 探针输出），本项不作为任何结论的依据
  W4 绿 应用创建 5 个业务子目录
  S5 不可判：探针未产出 DOM 数据（见上面 W3 不可判原因）
wine 层验收 PASS（门禁 W1/W2/W4）。这不等于 Windows 实机通过 —— 渲染层、UI 与交互仍需真实 Windows。
@@@REP 1 EXIT=0
@@@REP 2 start 2026-09-12T18:47:41+08:00
== [S0] 安装 xvfb + curl（镜像未自带）==
== [S0] 起虚拟显示 ==
  Xvfb OK (1280x800)
== [S0] wineboot 初始化 prefix（跳过 gecko/mono，最多 240s）==
  wineboot OK
== [W1] wine 启动 Windows 产物 ==
== [W2] 等 CDP 就绪并校验是本品 Electron（最多 180s）==
  CDP OK: Chrome/120.0.6099.227
  W2 绿：UA 含 @security-survey/desktop（本品 Electron 在跑）
  W1 绿：运行时栈为 Windows（wine 里 UA 报 Windows NT）
== [W3/W4/S5] 经 CDP 检查页面目标与运行时（S5 仅参考）==
  DOM 探针超时预算 = 60000ms
  page 目标 2 个: dist/index.html="" | dist/splash.html="splash.html"
  探针起点 T0 epoch=1789210104334ms
  W3h(HTTP-only，未挂 WS，窗口 0→+1010ms(epoch 1789210105344)) 观测到的主窗口标题 = ["首页 - 安防勘点设计工具"]
W3h=1
  attach 尝试 1（+1013ms(epoch 1789210105347)）target id: 初始 9713870755851AB6F9F9CD0DBE0CCF00 → 本次 9713870755851AB6F9F9CD0DBE0CCF00
  attach 尝试 1 失败: CDP ws 已关闭
  attach 尝试 2（+240346ms(epoch 1789210344680)）target id: 初始 9713870755851AB6F9F9CD0DBE0CCF00 → 本次 9713870755851AB6F9F9CD0DBE0CCF00
  attach 尝试 2 失败: CDP ws 连接出错
  WS 段未完成（CDP ws 连接出错）⇒ W3 不可判；**继续**做 detach 后的 HTTP 复检。
  注意：W3 依赖 WS 传输，wine 下 WS 断开不代表渲染层崩 —— 判渲染层死活请看 W3h/W3p。
W3=e
  W3p(已 detach，HTTP-only，至 +260404ms(epoch 1789210364738)) 主窗口标题 = []；id 现值 (无)（初始 9713870755851AB6F9F9CD0DBE0CCF00）；中途主窗口 target 一度消失
W3p=0
  S5 不可判：DOM 探针未完成（未挂上 WS（CDP ws 连接出错））—— 与 W3 结论无关
  （探针正常完成，W3=e）
  三段观测（同一进程同一轮）：W3h(attach前)=1  W3(挂WS期间)=e  W3p(detach后)=0
  ⇒ attach 前在、之后不在：标题在两段之间消失。需与 $LOG 里 Chromium
     自带时间戳的行定序（applog 无 epoch 前缀，只能定序不能精确到 ms）再定论
== [W4] 应用自建**业务**子目录（main.ts 业务代码在 Windows 上执行的证据）==
  W4 绿：5 个业务子目录全部由应用创建（/root/.wine-sec/drive_c/users/root/AppData/Roaming/@security-survey/desktop）
    存在: projects
    存在: templates
    存在: exports
    存在: Cache（期望 cache，名字大小写不同 ⇒ 被 Chromium 抢先创建）
    存在: logs
== 汇总 ==
----- [applog] wine/应用输出（每行前缀 epoch 毫秒）-----

[412:0912/104823.448:ERROR:network_change_notifier_win.cc(267)] WSALookupServiceBegin failed with: 0
ALSA lib confmisc.c:855:(parse_card) cannot find card '0'
ALSA lib conf.c:5178:(_snd_config_evaluate) function snd_func_card_inum returned error: No such file or directory
ALSA lib confmisc.c:422:(snd_func_concat) error evaluating strings
ALSA lib conf.c:5178:(_snd_config_evaluate) function snd_func_concat returned error: No such file or directory
ALSA lib confmisc.c:1334:(snd_func_refer) error evaluating name
ALSA lib conf.c:5178:(_snd_config_evaluate) function snd_func_refer returned error: No such file or directory
ALSA lib conf.c:5701:(snd_config_expand) Evaluate error: No such file or directory
ALSA lib pcm.c:2664:(snd_pcm_open_noupdate) Unknown PCM default
ALSA lib confmisc.c:855:(parse_card) cannot find card '0'
ALSA lib conf.c:5178:(_snd_config_evaluate) function snd_func_card_inum returned error: No such file or directory
ALSA lib confmisc.c:422:(snd_func_concat) error evaluating strings
ALSA lib conf.c:5178:(_snd_config_evaluate) function snd_func_concat returned error: No such file or directory
ALSA lib confmisc.c:1334:(snd_func_refer) error evaluating name
ALSA lib conf.c:5178:(_snd_config_evaluate) function snd_func_refer returned error: No such file or directory
ALSA lib conf.c:5701:(snd_config_expand) Evaluate error: No such file or directory
ALSA lib pcm.c:2664:(snd_pcm_open_noupdate) Unknown PCM default

DevTools listening on ws://127.0.0.1:9222/devtools/browser/cc759348-fbdf-4650-8333-5a59a2593b27
Python sidecar not found at: Z:\uw\resources\python\python.exe
ODA File Converter not found at: Z:\uw\resources\oda\ODAFileConverter.exe
[596:0912/104823.899:ERROR:network_change_notifier_win.cc(267)] WSALookupServiceBegin failed with: 0
[Main] 渲染进程崩溃: { reason: [32m'crashed'[39m, exitCode: [33m-2147483645[39m }
[Main] 渲染进程加载超时，强制显示窗口
----- [/applog] -----
  W1 绿 进程以 Windows 栈运行
  W2 绿 Electron 主进程为本品
  W3 不可判：测量层失效（见上面 rc / 探针输出），本项不作为任何结论的依据
  W4 绿 应用创建 5 个业务子目录
  S5 不可判：探针未产出 DOM 数据（见上面 W3 不可判原因）
wine 层验收 PASS（门禁 W1/W2/W4）。这不等于 Windows 实机通过 —— 渲染层、UI 与交互仍需真实 Windows。
@@@REP 2 EXIT=0
@@@REP 3 start 2026-09-12T18:52:47+08:00
== [S0] 安装 xvfb + curl（镜像未自带）==
== [S0] 起虚拟显示 ==
  Xvfb OK (1280x800)
== [S0] wineboot 初始化 prefix（跳过 gecko/mono，最多 240s）==
  wineboot OK
== [W1] wine 启动 Windows 产物 ==
== [W2] 等 CDP 就绪并校验是本品 Electron（最多 180s）==
  CDP OK: Chrome/120.0.6099.227
  W2 绿：UA 含 @security-survey/desktop（本品 Electron 在跑）
  W1 绿：运行时栈为 Windows（wine 里 UA 报 Windows NT）
== [W3/W4/S5] 经 CDP 检查页面目标与运行时（S5 仅参考）==
  DOM 探针超时预算 = 60000ms
  page 目标 2 个: dist/index.html="" | dist/splash.html="splash.html"
  探针起点 T0 epoch=1789210410422ms
  W3h(HTTP-only，未挂 WS，窗口 0→+1007ms(epoch 1789210411429)) 观测到的主窗口标题 = ["首页 - 安防勘点设计工具"]
W3h=1
  attach 尝试 1（+1010ms(epoch 1789210411432)）target id: 初始 10192C89A6A66773554DD66EDAAC547B → 本次 10192C89A6A66773554DD66EDAAC547B
  attach 尝试 1 失败: CDP ws 已关闭
  attach 尝试 2（+239248ms(epoch 1789210649670)）target id: 初始 10192C89A6A66773554DD66EDAAC547B → 本次 10192C89A6A66773554DD66EDAAC547B
  attach 尝试 2 失败: CDP ws 连接出错
  WS 段未完成（CDP ws 连接出错）⇒ W3 不可判；**继续**做 detach 后的 HTTP 复检。
  注意：W3 依赖 WS 传输，wine 下 WS 断开不代表渲染层崩 —— 判渲染层死活请看 W3h/W3p。
W3=e
  W3p(已 detach，HTTP-only，至 +259287ms(epoch 1789210669709)) 主窗口标题 = []；id 现值 (无)（初始 10192C89A6A66773554DD66EDAAC547B）；中途主窗口 target 一度消失
W3p=0
  S5 不可判：DOM 探针未完成（未挂上 WS（CDP ws 连接出错））—— 与 W3 结论无关
  （探针正常完成，W3=e）
  三段观测（同一进程同一轮）：W3h(attach前)=1  W3(挂WS期间)=e  W3p(detach后)=0
  ⇒ attach 前在、之后不在：标题在两段之间消失。需与 $LOG 里 Chromium
     自带时间戳的行定序（applog 无 epoch 前缀，只能定序不能精确到 ms）再定论
== [W4] 应用自建**业务**子目录（main.ts 业务代码在 Windows 上执行的证据）==
  W4 绿：5 个业务子目录全部由应用创建（/root/.wine-sec/drive_c/users/root/AppData/Roaming/@security-survey/desktop）
    存在: projects
    存在: templates
    存在: exports
    存在: Cache（期望 cache，名字大小写不同 ⇒ 被 Chromium 抢先创建）
    存在: logs
== 汇总 ==
----- [applog] wine/应用输出（每行前缀 epoch 毫秒）-----

[408:0912/105328.437:ERROR:network_change_notifier_win.cc(267)] WSALookupServiceBegin failed with: 0
ALSA lib confmisc.c:855:(parse_card) cannot find card '0'
ALSA lib conf.c:5178:(_snd_config_evaluate) function snd_func_card_inum returned error: No such file or directory
ALSA lib confmisc.c:422:(snd_func_concat) error evaluating strings
ALSA lib conf.c:5178:(_snd_config_evaluate) function snd_func_concat returned error: No such file or directory
ALSA lib confmisc.c:1334:(snd_func_refer) error evaluating name
ALSA lib conf.c:5178:(_snd_config_evaluate) function snd_func_refer returned error: No such file or directory
ALSA lib conf.c:5701:(snd_config_expand) Evaluate error: No such file or directory
ALSA lib pcm.c:2664:(snd_pcm_open_noupdate) Unknown PCM default
ALSA lib confmisc.c:855:(parse_card) cannot find card '0'
ALSA lib conf.c:5178:(_snd_config_evaluate) function snd_func_card_inum returned error: No such file or directory
ALSA lib confmisc.c:422:(snd_func_concat) error evaluating strings
ALSA lib conf.c:5178:(_snd_config_evaluate) function snd_func_concat returned error: No such file or directory
ALSA lib confmisc.c:1334:(snd_func_refer) error evaluating name
ALSA lib conf.c:5178:(_snd_config_evaluate) function snd_func_refer returned error: No such file or directory
ALSA lib conf.c:5701:(snd_config_expand) Evaluate error: No such file or directory
ALSA lib pcm.c:2664:(snd_pcm_open_noupdate) Unknown PCM default

DevTools listening on ws://127.0.0.1:9222/devtools/browser/cce34e5f-2c93-444d-aeaf-71442cce13db
Python sidecar not found at: Z:\uw\resources\python\python.exe
ODA File Converter not found at: Z:\uw\resources\oda\ODAFileConverter.exe
[616:0912/105328.852:ERROR:network_change_notifier_win.cc(267)] WSALookupServiceBegin failed with: 0
[Main] 渲染进程崩溃: { reason: [32m'crashed'[39m, exitCode: [33m-2147483645[39m }
[Main] 渲染进程加载超时，强制显示窗口
----- [/applog] -----
  W1 绿 进程以 Windows 栈运行
  W2 绿 Electron 主进程为本品
  W3 不可判：测量层失效（见上面 rc / 探针输出），本项不作为任何结论的依据
  W4 绿 应用创建 5 个业务子目录
  S5 不可判：探针未产出 DOM 数据（见上面 W3 不可判原因）
wine 层验收 PASS（门禁 W1/W2/W4）。这不等于 Windows 实机通过 —— 渲染层、UI 与交互仍需真实 Windows。
@@@REP 3 EXIT=0
@@@SERIES end 2026-09-12T18:57:52+08:00
